// Jest Snapshot v1, https://goo.gl/fbAQLP

exports[`should render ExpenseList with empty msg 1`] = `
<div>
  <p>
    No expenses
  </p>
</div>
`;

exports[`should render ExpenseList with expenses 1`] = `
<div>
  <ExpenseListItem
    amount={195}
    createdAt={0}
    description="computer"
    id="1"
    key="1"
    note=""
  />
  <ExpenseListItem
    amount={999}
    createdAt={-345600000}
    description="mouse"
    id="2"
    key="2"
    note=""
  />
  <ExpenseListItem
    amount={2999}
    createdAt={345600000}
    description="soda"
    id="3"
    key="3"
    note=""
  />
</div>
`;
